21:05:14  DISCOVER 
                     selected 3 example(s)
21:05:14  EXAMPLE    04_nowcasting/01_stormcast_example.py
                     starting 1/3
21:05:14  CACHE      04_nowcasting/01_stormcast_example.py
                     checking source and runner fingerprint
21:05:14  CACHE      04_nowcasting/01_stormcast_example.py
                     hit; reusing 1 artifact(s)
21:05:14  EXAMPLE    04_nowcasting/02_stormcast_ensemble_example.py
                     starting 2/3
21:05:14  CACHE      04_nowcasting/02_stormcast_ensemble_example.py
                     checking source and runner fingerprint
21:05:14  CACHE      04_nowcasting/02_stormcast_ensemble_example.py
                     hit; reusing 3 artifact(s)
21:05:14  EXAMPLE    04_nowcasting/03_stormscope_goes_example.py
                     starting 3/3
21:05:14  CACHE      04_nowcasting/03_stormscope_goes_example.py
                     checking source and runner fingerprint
21:05:14  CACHE      04_nowcasting/03_stormscope_goes_example.py
                     hit; reusing 1 artifact(s)
21:05:14  RENDER     04_nowcasting/01_stormcast_example.py
                     converting cells to Markdown
21:05:15  IMAGE      04_nowcasting/01_stormcast_example.py
                     optimized 001-cell-6.jpg: 2837×762 354.0 KiB → 2400×645 WebP 234.9 KiB
21:05:15  NOTEBOOK   04_nowcasting/01_stormcast_example.py
                     generated 01_stormcast_example.ipynb
21:05:15  TELEMETRY  04_nowcasting/01_stormcast_example.py
                     rendered runtime telemetry panel
21:05:15  RENDER     04_nowcasting/01_stormcast_example.py
                     wrote examples/04_nowcasting/01_stormcast_example.md
21:05:15  RENDER     04_nowcasting/02_stormcast_ensemble_example.py
                     converting cells to Markdown
21:05:15  IMAGE      04_nowcasting/02_stormcast_ensemble_example.py
                     kept 001-cell-8.jpg (122.5 KiB; below limits)
21:05:15  IMAGE      04_nowcasting/02_stormcast_ensemble_example.py
                     optimized 002-cell-9.png: 1580×311 265.4 KiB → 1580×311 WebP 91.5 KiB
21:05:15  IMAGE      04_nowcasting/02_stormcast_ensemble_example.py
                     kept 003-cell-10.jpg (112.2 KiB; below limits)
21:05:15  NOTEBOOK   04_nowcasting/02_stormcast_ensemble_example.py
                     generated 02_stormcast_ensemble_example.ipynb
21:05:15  TELEMETRY  04_nowcasting/02_stormcast_ensemble_example.py
                     rendered runtime telemetry panel
21:05:15  RENDER     04_nowcasting/02_stormcast_ensemble_example.py
                     wrote examples/04_nowcasting/02_stormcast_ensemble_example.md
21:05:15  RENDER     04_nowcasting/03_stormscope_goes_example.py
                     converting cells to Markdown
21:05:15  IMAGE      04_nowcasting/03_stormscope_goes_example.py
                     optimized 001-cell-14.png: 2700×1800 2.2 MiB → 2400×1600 WebP 293.2 KiB
21:05:15  NOTEBOOK   04_nowcasting/03_stormscope_goes_example.py
                     generated 03_stormscope_goes_example.ipynb
21:05:15  TELEMETRY  04_nowcasting/03_stormscope_goes_example.py
                     rendered runtime telemetry panel
21:05:15  RENDER     04_nowcasting/03_stormscope_goes_example.py
                     wrote examples/04_nowcasting/03_stormscope_goes_example.md
21:05:15  INDEX    
                     rendering combined gallery index
21:05:15  BACKREFS 
                     indexed 58 API object(s) across 30 example(s); processed 664 marker(s) on 12 changed page(s)
21:05:15  COMPLETE 
                     finished 3 example(s), 0 failure(s)
