21:05:17  DISCOVER 
                     selected 3 example(s)
21:05:17  EXAMPLE    06_seasonal/01_seasonal_statistics.py
                     starting 1/3
21:05:17  CACHE      06_seasonal/01_seasonal_statistics.py
                     checking source and runner fingerprint
21:05:17  CACHE      06_seasonal/01_seasonal_statistics.py
                     hit; reusing 1 artifact(s)
21:05:17  EXAMPLE    06_seasonal/02_dlesym_example.py
                     starting 2/3
21:05:17  CACHE      06_seasonal/02_dlesym_example.py
                     checking source and runner fingerprint
21:05:17  CACHE      06_seasonal/02_dlesym_example.py
                     hit; reusing 1 artifact(s)
21:05:17  EXAMPLE    06_seasonal/03_dlesym_climate.py
                     starting 3/3
21:05:17  CACHE      06_seasonal/03_dlesym_climate.py
                     checking source and runner fingerprint
21:05:17  CACHE      06_seasonal/03_dlesym_climate.py
                     hit; reusing 1 artifact(s)
21:05:17  RENDER     06_seasonal/01_seasonal_statistics.py
                     converting cells to Markdown
21:05:17  IMAGE      06_seasonal/01_seasonal_statistics.py
                     kept 001-cell-8.png (40.3 KiB; below limits)
21:05:17  NOTEBOOK   06_seasonal/01_seasonal_statistics.py
                     generated 01_seasonal_statistics.ipynb
21:05:17  TELEMETRY  06_seasonal/01_seasonal_statistics.py
                     rendered runtime telemetry panel
21:05:17  RENDER     06_seasonal/01_seasonal_statistics.py
                     wrote examples/06_seasonal/01_seasonal_statistics.md
21:05:17  RENDER     06_seasonal/02_dlesym_example.py
                     converting cells to Markdown
21:05:17  IMAGE      06_seasonal/02_dlesym_example.py
                     optimized 001-cell-10.png: 1500×600 479.2 KiB → 1500×600 WebP 78.3 KiB
21:05:17  NOTEBOOK   06_seasonal/02_dlesym_example.py
                     generated 02_dlesym_example.ipynb
21:05:17  TELEMETRY  06_seasonal/02_dlesym_example.py
                     rendered runtime telemetry panel
21:05:17  RENDER     06_seasonal/02_dlesym_example.py
                     wrote examples/06_seasonal/02_dlesym_example.md
21:05:17  RENDER     06_seasonal/03_dlesym_climate.py
                     converting cells to Markdown
21:05:18  IMAGE      06_seasonal/03_dlesym_climate.py
                     optimized 001-cell-12.png: 2000×600 701.6 KiB → 2000×600 WebP 112.8 KiB
21:05:18  NOTEBOOK   06_seasonal/03_dlesym_climate.py
                     generated 03_dlesym_climate.ipynb
21:05:18  TELEMETRY  06_seasonal/03_dlesym_climate.py
                     rendered runtime telemetry panel
21:05:18  RENDER     06_seasonal/03_dlesym_climate.py
                     wrote examples/06_seasonal/03_dlesym_climate.md
21:05:18  INDEX    
                     rendering combined gallery index
21:05:18  BACKREFS 
                     indexed 58 API object(s) across 30 example(s); processed 664 marker(s) on 8 changed page(s)
21:05:18  COMPLETE 
                     finished 3 example(s), 0 failure(s)
